Archive member included to satisfy reference by file (symbol)

C:/ST/STM32CubeIDE_1.17.0/STM32CubeIDE/plugins/com.st.stm32cube.ide.mcu.externaltools.gnu-tools-for-stm32.12.3.rel1.win32_1.1.0.202410251130/tools/bin/../lib/gcc/arm-none-eabi/12.3.1/../../../../arm-none-eabi/lib/thumb/v7e-m+fp/hard\libc_nano.a(libc_a-exit.o)
                              C:/ST/STM32CubeIDE_1.17.0/STM32CubeIDE/plugins/com.st.stm32cube.ide.mcu.externaltools.gnu-tools-for-stm32.12.3.rel1.win32_1.1.0.202410251130/tools/bin/../lib/gcc/arm-none-eabi/12.3.1/../../../../arm-none-eabi/lib/thumb/v7e-m+fp/hard/crt0.o (exit)
C:/ST/STM32CubeIDE_1.17.0/STM32CubeIDE/plugins/com.st.stm32cube.ide.mcu.externaltools.gnu-tools-for-stm32.12.3.rel1.win32_1.1.0.202410251130/tools/bin/../lib/gcc/arm-none-eabi/12.3.1/../../../../arm-none-eabi/lib/thumb/v7e-m+fp/hard\libc_nano.a(libc_a-findfp.o)
                              C:/ST/STM32CubeIDE_1.17.0/STM32CubeIDE/plugins/com.st.stm32cube.ide.mcu.externaltools.gnu-tools-for-stm32.12.3.rel1.win32_1.1.0.202410251130/tools/bin/../lib/gcc/arm-none-eabi/12.3.1/../../../../arm-none-eabi/lib/thumb/v7e-m+fp/hard\libc_nano.a(libc_a-exit.o) (__stdio_exit_handler)
C:/ST/STM32CubeIDE_1.17.0/STM32CubeIDE/plugins/com.st.stm32cube.ide.mcu.externaltools.gnu-tools-for-stm32.12.3.rel1.win32_1.1.0.202410251130/tools/bin/../lib/gcc/arm-none-eabi/12.3.1/../../../../arm-none-eabi/lib/thumb/v7e-m+fp/hard\libc_nano.a(libc_a-fwalk.o)
                              C:/ST/STM32CubeIDE_1.17.0/STM32CubeIDE/plugins/com.st.stm32cube.ide.mcu.externaltools.gnu-tools-for-stm32.12.3.rel1.win32_1.1.0.202410251130/tools/bin/../lib/gcc/arm-none-eabi/12.3.1/../../../../arm-none-eabi/lib/thumb/v7e-m+fp/hard\libc_nano.a(libc_a-findfp.o) (_fwalk_sglue)
C:/ST/STM32CubeIDE_1.17.0/STM32CubeIDE/plugins/com.st.stm32cube.ide.mcu.externaltools.gnu-tools-for-stm32.12.3.rel1.win32_1.1.0.202410251130/tools/bin/../lib/gcc/arm-none-eabi/12.3.1/../../../../arm-none-eabi/lib/thumb/v7e-m+fp/hard\libc_nano.a(libc_a-stdio.o)
                              C:/ST/STM32CubeIDE_1.17.0/STM32CubeIDE/plugins/com.st.stm32cube.ide.mcu.externaltools.gnu-tools-for-stm32.12.3.rel1.win32_1.1.0.202410251130/tools/bin/../lib/gcc/arm-none-eabi/12.3.1/../../../../arm-none-eabi/lib/thumb/v7e-m+fp/hard\libc_nano.a(libc_a-findfp.o) (__sread)
C:/ST/STM32CubeIDE_1.17.0/STM32CubeIDE/plugins/com.st.stm32cube.ide.mcu.externaltools.gnu-tools-for-stm32.12.3.rel1.win32_1.1.0.202410251130/tools/bin/../lib/gcc/arm-none-eabi/12.3.1/../../../../arm-none-eabi/lib/thumb/v7e-m+fp/hard\libc_nano.a(libc_a-memset.o)
                              C:/ST/STM32CubeIDE_1.17.0/STM32CubeIDE/plugins/com.st.stm32cube.ide.mcu.externaltools.gnu-tools-for-stm32.12.3.rel1.win32_1.1.0.202410251130/tools/bin/../lib/gcc/arm-none-eabi/12.3.1/../../../../arm-none-eabi/lib/thumb/v7e-m+fp/hard/crt0.o (memset)
C:/ST/STM32CubeIDE_1.17.0/STM32CubeIDE/plugins/com.st.stm32cube.ide.mcu.externaltools.gnu-tools-for-stm32.12.3.rel1.win32_1.1.0.202410251130/tools/bin/../lib/gcc/arm-none-eabi/12.3.1/../../../../arm-none-eabi/lib/thumb/v7e-m+fp/hard\libc_nano.a(libc_a-closer.o)
                              C:/ST/STM32CubeIDE_1.17.0/STM32CubeIDE/plugins/com.st.stm32cube.ide.mcu.externaltools.gnu-tools-for-stm32.12.3.rel1.win32_1.1.0.202410251130/tools/bin/../lib/gcc/arm-none-eabi/12.3.1/../../../../arm-none-eabi/lib/thumb/v7e-m+fp/hard\libc_nano.a(libc_a-stdio.o) (_close_r)
C:/ST/STM32CubeIDE_1.17.0/STM32CubeIDE/plugins/com.st.stm32cube.ide.mcu.externaltools.gnu-tools-for-stm32.12.3.rel1.win32_1.1.0.202410251130/tools/bin/../lib/gcc/arm-none-eabi/12.3.1/../../../../arm-none-eabi/lib/thumb/v7e-m+fp/hard\libc_nano.a(libc_a-reent.o)
                              C:/ST/STM32CubeIDE_1.17.0/STM32CubeIDE/plugins/com.st.stm32cube.ide.mcu.externaltools.gnu-tools-for-stm32.12.3.rel1.win32_1.1.0.202410251130/tools/bin/../lib/gcc/arm-none-eabi/12.3.1/../../../../arm-none-eabi/lib/thumb/v7e-m+fp/hard\libc_nano.a(libc_a-closer.o) (errno)
C:/ST/STM32CubeIDE_1.17.0/STM32CubeIDE/plugins/com.st.stm32cube.ide.mcu.externaltools.gnu-tools-for-stm32.12.3.rel1.win32_1.1.0.202410251130/tools/bin/../lib/gcc/arm-none-eabi/12.3.1/../../../../arm-none-eabi/lib/thumb/v7e-m+fp/hard\libc_nano.a(libc_a-impure.o)
                              C:/ST/STM32CubeIDE_1.17.0/STM32CubeIDE/plugins/com.st.stm32cube.ide.mcu.externaltools.gnu-tools-for-stm32.12.3.rel1.win32_1.1.0.202410251130/tools/bin/../lib/gcc/arm-none-eabi/12.3.1/../../../../arm-none-eabi/lib/thumb/v7e-m+fp/hard\libc_nano.a(libc_a-reent.o) (_impure_ptr)
C:/ST/STM32CubeIDE_1.17.0/STM32CubeIDE/plugins/com.st.stm32cube.ide.mcu.externaltools.gnu-tools-for-stm32.12.3.rel1.win32_1.1.0.202410251130/tools/bin/../lib/gcc/arm-none-eabi/12.3.1/../../../../arm-none-eabi/lib/thumb/v7e-m+fp/hard\libc_nano.a(libc_a-lseekr.o)
[...]
Memory Configuration

Name             Origin             Length             Attributes
RAM              0x20000000         0x00020000         xrw
FLASH            0x08000000         0x00020000         xr
*default*        0x00000000         0xffffffff

Linker script and memory map

LOAD C:/ST/STM32CubeIDE_1.17.0/STM32CubeIDE/plugins/com.st.stm32cube.ide.mcu.externaltools.gnu-tools-for-stm32.12.3.rel1.win32_1.1.0.202410251130/tools/bin/../lib/gcc/arm-none-eabi/12.3.1/thumb/v7e-m+fp/hard/crti.o
LOAD C:/ST/STM32CubeIDE_1.17.0/STM32CubeIDE/plugins/com.st.stm32cube.ide.mcu.externaltools.gnu-tools-for-stm32.12.3.rel1.win32_1.1.0.202410251130/tools/bin/../lib/gcc/arm-none-eabi/12.3.1/thumb/v7e-m+fp/hard/crtbegin.o
LOAD C:/ST/STM32CubeIDE_1.17.0/STM32CubeIDE/plugins/com.st.stm32cube.ide.mcu.externaltools.gnu-tools-for-stm32.12.3.rel1.win32_1.1.0.202410251130/tools/bin/../lib/gcc/arm-none-eabi/12.3.1/../../../../arm-none-eabi/lib/thumb/v7e-m+fp/hard/crt0.o
LOAD ./Core/Src/main.o
LOAD ./Core/Src/stm32g4xx_hal_msp.o
LOAD ./Core/Src/stm32g4xx_it.o
LOAD ./Core/Src/syscalls.o
LOAD ./Core/Src/sysmem.o
LOAD ./Core/Src/system_stm32g4xx.o
LOAD ./Core/Startup/startup_stm32g474rbtx.o
LOAD ./Custom/appl_main.o
LOAD ./Custom/lib_modbus.o
LOAD ./Custom/mgr_uart.o
LOAD ./Drivers/STM32G4xx_HAL_Driver/Src/stm32g4xx_hal.o
LOAD ./Drivers/STM32G4xx_HAL_Driver/Src/stm32g4xx_hal_cortex.o
LOAD ./Drivers/STM32G4xx_HAL_Driver/Src/stm32g4xx_hal_dma.o
LOAD ./Drivers/STM32G4xx_HAL_Driver/Src/stm32g4xx_hal_dma_ex.o
LOAD ./Drivers/STM32G4xx_HAL_Driver/Src/stm32g4xx_hal_exti.o
LOAD ./Drivers/STM32G4xx_HAL_Driver/Src/stm32g4xx_hal_flash.o
LOAD ./Drivers/STM32G4xx_HAL_Driver/Src/stm32g4xx_hal_flash_ex.o
LOAD ./Drivers/STM32G4xx_HAL_Driver/Src/stm32g4xx_hal_flash_ramfunc.o
LOAD ./Drivers/STM32G4xx_HAL_Driver/Src/stm32g4xx_hal_gpio.o
LOAD ./Drivers/STM32G4xx_HAL_Driver/Src/stm32g4xx_hal_pwr.o
LOAD ./Drivers/STM32G4xx_HAL_Driver/Src/stm32g4xx_hal_pwr_ex.o
LOAD ./Drivers/STM32G4xx_HAL_Driver/Src/stm32g4xx_hal_rcc.o
LOAD ./Drivers/STM32G4xx_HAL_Driver/Src/stm32g4xx_hal_rcc_ex.o
LOAD ./Drivers/STM32G4xx_HAL_Driver/Src/stm32g4xx_hal_tim.o
LOAD ./Drivers/STM32G4xx_HAL_Driver/Src/stm32g4xx_hal_tim_ex.o
LOAD ./Drivers/STM32G4xx_HAL_Driver/Src/stm32g4xx_hal_uart.o
LOAD ./Drivers/STM32G4xx_HAL_Driver/Src/stm32g4xx_hal_uart_ex.o
START GROUP
LOAD C:/ST/STM32CubeIDE_1.17.0/STM32CubeIDE/plugins/com.st.stm32cube.ide.mcu.externaltools.gnu-tools-for-stm32.12.3.rel1.win32_1.1.0.202410251130/tools/bin/../lib/gcc/arm-none-eabi/12.3.1/../../../../arm-none-eabi/lib/thumb/v7e-m+fp/hard\libc_nano.a
LOAD C:/ST/STM32CubeIDE_1.17.0/STM32CubeIDE/plugins/com.st.stm32cube.ide.mcu.externaltools.gnu-tools-for-stm32.12.3.rel1.win32_1.1.0.202410251130/tools/bin/../lib/gcc/arm-none-eabi/12.3.1/../../../../arm-none-eabi/lib/thumb/v7e-m+fp/hard\libm.a
END GROUP
START GROUP
LOAD C:/ST/STM32CubeIDE_1.17.0/STM32CubeIDE/plugins/com.st.stm32cube.ide.mcu.externaltools.gnu-tools-for-stm32.12.3.rel1.win32_1.1.0.202410251130/tools/bin/../lib/gcc/arm-none-eabi/12.3.1/thumb/v7e-m+fp/hard\libgcc.a
LOAD C:/ST/STM32CubeIDE_1.17.0/STM32CubeIDE/plugins/com.st.stm32cube.ide.mcu.externaltools.gnu-tools-for-stm32.12.3.rel1.win32_1.1.0.202410251130/tools/bin/../lib/gcc/arm-none-eabi/12.3.1/../../../../arm-none-eabi/lib/thumb/v7e-m+fp/hard\libc_nano.a
END GROUP
START GROUP
LOAD C:/ST/STM32CubeIDE_1.17.0/STM32CubeIDE/plugins/com.st.stm32cube.ide.mcu.externaltools.gnu-tools-for-stm32.12.3.rel1.win32_1.1.0.202410251130/tools/bin/../lib/gcc/arm-none-eabi/12.3.1/thumb/v7e-m+fp/hard\libgcc.a
LOAD C:/ST/STM32CubeIDE_1.17.0/STM32CubeIDE/plugins/com.st.stm32cube.ide.mcu.externaltools.gnu-tools-for-stm32.12.3.rel1.win32_1.1.0.202410251130/tools/bin/../lib/gcc/arm-none-eabi/12.3.1/../../../../arm-none-eabi/lib/thumb/v7e-m+fp/hard\libc_nano.a
LOAD C:/ST/STM32CubeIDE_1.17.0/STM32CubeIDE/plugins/com.st.stm32cube.ide.mcu.externaltools.gnu-tools-for-stm32.12.3.rel1.win32_1.1.0.202410251130/tools/bin/../lib/gcc/arm-none-eabi/12.3.1/../../../../arm-none-eabi/lib/thumb/v7e-m+fp/hard\libnosys.a
END GROUP
START GROUP
LOAD C:/ST/STM32CubeIDE_1.17.0/STM32CubeIDE/plugins/com.st.stm32cube.ide.mcu.externaltools.gnu-tools-for-stm32.12.3.rel1.win32_1.1.0.202410251130/tools/bin/../lib/gcc/arm-none-eabi/12.3.1/thumb/v7e-m+fp/hard\libgcc.a
LOAD C:/ST/STM32CubeIDE_1.17.0/STM32CubeIDE/plugins/com.st.stm32cube.ide.mcu.externaltools.gnu-tools-for-stm32.12.3.rel1.win32_1.1.0.202410251130/tools/bin/../lib/gcc/arm-none-eabi/12.3.1/../../../../arm-none-eabi/lib/thumb/v7e-m+fp/hard\libc_nano.a
LOAD C:/ST/STM32CubeIDE_1.17.0/STM32CubeIDE/plugins/com.st.stm32cube.ide.mcu.externaltools.gnu-tools-for-stm32.12.3.rel1.win32_1.1.0.202410251130/tools/bin/../lib/gcc/arm-none-eabi/12.3.1/../../../../arm-none-eabi/lib/thumb/v7e-m+fp/hard\libnosys.a
END GROUP
LOAD C:/ST/STM32CubeIDE_1.17.0/STM32CubeIDE/plugins/com.st.stm32cube.ide.mcu.externaltools.gnu-tools-for-stm32.12.3.rel1.win32_1.1.0.202410251130/tools/bin/../lib/gcc/arm-none-eabi/12.3.1/thumb/v7e-m+fp/hard/crtend.o
LOAD C:/ST/STM32CubeIDE_1.17.0/STM32CubeIDE/plugins/com.st.stm32cube.ide.mcu.externaltools.gnu-tools-for-stm32.12.3.rel1.win32_1.1.0.202410251130/tools/bin/../lib/gcc/arm-none-eabi/12.3.1/thumb/v7e-m+fp/hard/crtn.o
                0x20020000                        _estack = (ORIGIN (RAM) + LENGTH (RAM))
                0x00000200                        _Min_Heap_Size = 0x200
                0x00000400                        _Min_Stack_Size = 0x400

.isr_vector     0x08000000      0x1d8
                0x08000000                        . = ALIGN (0x4)
 *(.isr_vector)
 .isr_vector    0x08000000      0x1d8 ./Core/Startup/startup_stm32g474rbtx.o
                0x08000000                g_pfnVectors
                0x080001d8                        . = ALIGN (0x4)

.text           0x080001d8     0x35bc
                0x080001d8                        . = ALIGN (0x4)
 *(.text)
 .text          0x080001d8       0x40 C:/ST/STM32CubeIDE_1.17.0/STM32CubeIDE/plugins/com.st.stm32cube.ide.mcu.externaltools.gnu-tools-for-stm32.12.3.rel1.win32_1.1.0.202410251130/tools/bin/../lib/gcc/arm-none-eabi/12.3.1/thumb/v7e-m+fp/hard/crtbegin.o
 .text          0x08000218       0x30 C:/ST/STM32CubeIDE_1.17.0/STM32CubeIDE/plugins/com.st.stm32cube.ide.mcu.externaltools.gnu-tools-for-stm32.12.3.rel1.win32_1.1.0.202410251130/tools/bin/../lib/gcc/arm-none-eabi/12.3.1/thumb/v7e-m+fp/hard\libgcc.a(_aeabi_uldivmod.o)
                0x08000218                __aeabi_uldivmod
 .text          0x08000248      0x2bc C:/ST/STM32CubeIDE_1.17.0/STM32CubeIDE/plugins/com.st.stm32cube.ide.mcu.externaltools.gnu-tools-for-stm32.12.3.rel1.win32_1.1.0.202410251130/tools/bin/../lib/gcc/arm-none-eabi/12.3.1/thumb/v7e-m+fp/hard\libgcc.a(_udivmoddi4.o)
                0x08000248                __udivmoddi4
 .text          0x08000504        0x4 C:/ST/STM32CubeIDE_1.17.0/STM32CubeIDE/plugins/com.st.stm32cube.ide.mcu.externaltools.gnu-tools-for-stm32.12.3.rel1.win32_1.1.0.202410251130/tools/bin/../lib/gcc/arm-none-eabi/12.3.1/thumb/v7e-m+fp/hard\libgcc.a(_dvmd_tls.o)
                0x08000504                __aeabi_idiv0
                0x08000504                __aeabi_ldiv0
 *(.text*)
 .text.SystemClock_Config
                0x08000508       0x6c ./Core/Src/main.o
                0x08000508                SystemClock_Config
 .text.startup.main
                0x08000574      0x1ec ./Core/Src/main.o
                0x08000574                main
 .text.Error_Handler
                0x08000760        0x4 ./Core/Src/main.o
                0x08000760                Error_Handler
 .text.HAL_MspInit
                0x08000764       0x34 ./Core/Src/stm32g4xx_hal_msp.o
                0x08000764                HAL_MspInit
 .text.HAL_TIM_PWM_MspInit
                0x08000798       0x40 ./Core/Src/stm32g4xx_hal_msp.o
                0x08000798                HAL_TIM_PWM_MspInit
 .text.HAL_UART_MspInit
                0x080007d8      0x114 ./Core/Src/stm32g4xx_hal_msp.o
                0x080007d8                HAL_UART_MspInit
 .text.NMI_Handler
                0x080008ec        0x4 ./Core/Src/stm32g4xx_it.o
                0x080008ec                NMI_Handler
 .text.HardFault_Handler
                0x080008f0        0x4 ./Core/Src/stm32g4xx_it.o
                0x080008f0                HardFault_Handler
 .text.MemManage_Handler
                0x080008f4        0x4 ./Core/Src/stm32g4xx_it.o
                0x080008f4                MemManage_Handler
 .text.BusFault_Handler
                0x080008f8        0x4 ./Core/Src/stm32g4xx_it.o
                0x080008f8                BusFault_Handler
 .text.UsageFault_Handler
                0x080008fc        0x4 ./Core/Src/stm32g4xx_it.o
                0x080008fc                UsageFault_Handler
 .text.SVC_Handler
                0x08000900        0x4 ./Core/Src/stm32g4xx_it.o
                0x08000900                SVC_Handler
 .text.DebugMon_Handler
                0x08000904        0x4 ./Core/Src/stm32g4xx_it.o
                0x08000904                DebugMon_Handler
 .text.PendSV_Handler
                0x08000908        0x4 ./Core/Src/stm32g4xx_it.o
                0x08000908                PendSV_Handler
 .text.SysTick_Handler
                0x0800090c        0x4 ./Core/Src/stm32g4xx_it.o
                0x0800090c                SysTick_Handler
 .text.DMA1_Channel1_IRQHandler
                0x08000910        0xc ./Core/Src/stm32g4xx_it.o
                0x08000910                DMA1_Channel1_IRQHandler
 .text.DMA1_Channel2_IRQHandler
                0x0800091c        0xc ./Core/Src/stm32g4xx_it.o
                0x0800091c                DMA1_Channel2_IRQHandler
 .text.TIM1_UP_TIM16_IRQHandler
                0x08000928       0x14 ./Core/Src/stm32g4xx_it.o
                0x08000928                TIM1_UP_TIM16_IRQHandler
 .text.USART1_IRQHandler
                0x0800093c        0xc ./Core/Src/stm32g4xx_it.o
                0x0800093c                USART1_IRQHandler
 .text.SystemInit
                0x08000948       0x14 ./Core/Src/system_stm32g4xx.o
                0x08000948                SystemInit
 .text.Reset_Handler
                0x0800095c       0x50 ./Core/Startup/startup_stm32g474rbtx.o
                0x0800095c                Reset_Handler
 .text.Default_Handler
                0x080009ac        0x2 ./Core/Startup/startup_stm32g474rbtx.o
                0x080009ac                RTC_Alarm_IRQHandler
                0x080009ac                EXTI2_IRQHandler
                0x080009ac                TIM8_TRG_COM_IRQHandler
                0x080009ac                TIM8_CC_IRQHandler
                0x080009ac                HRTIM1_Master_IRQHandler
                0x080009ac                SPI4_IRQHandler
                0x080009ac                FDCAN3_IT0_IRQHandler
                0x080009ac                TIM1_CC_IRQHandler
                0x080009ac                HRTIM1_FLT_IRQHandler
                0x080009ac                HRTIM1_TIMF_IRQHandler
                0x080009ac                USB_HP_IRQHandler
                0x080009ac                CORDIC_IRQHandler
                0x080009ac                HRTIM1_TIMD_IRQHandler
                0x080009ac                DMA2_Channel8_IRQHandler
                0x080009ac                EXTI3_IRQHandler
                0x080009ac                I2C3_ER_IRQHandler
                0x080009ac                EXTI0_IRQHandler
                0x080009ac                I2C2_EV_IRQHandler
                0x080009ac                FPU_IRQHandler
                0x080009ac                FDCAN1_IT1_IRQHandler
                0x080009ac                ADC1_2_IRQHandler
                0x080009ac                HRTIM1_TIME_IRQHandler
                0x080009ac                SPI1_IRQHandler
                0x080009ac                TIM6_DAC_IRQHandler
                0x080009ac                HRTIM1_TIMC_IRQHandler
                0x080009ac                TIM8_UP_IRQHandler
                0x080009ac                DMA2_Channel2_IRQHandler
                0x080009ac                DMA1_Channel4_IRQHandler
                0x080009ac                TIM20_TRG_COM_IRQHandler
                0x080009ac                USART3_IRQHandler
                0x080009ac                DMA1_Channel7_IRQHandler
                0x080009ac                UART5_IRQHandler
                0x080009ac                ADC3_IRQHandler
                0x080009ac                TIM4_IRQHandler
                0x080009ac                DMA2_Channel1_IRQHandler
                0x080009ac                QUADSPI_IRQHandler
                0x080009ac                I2C1_EV_IRQHandler
                0x080009ac                DMA1_Channel6_IRQHandler
                0x080009ac                UART4_IRQHandler
                0x080009ac                DMA2_Channel4_IRQHandler
                0x080009ac                TIM3_IRQHandler
                0x080009ac                RCC_IRQHandler
                0x080009ac                TIM20_UP_IRQHandler
                0x080009ac                Default_Handler
                0x080009ac                DMA2_Channel7_IRQHandler
                0x080009ac                RTC_TAMP_LSECSS_IRQHandler
                0x080009ac                FMAC_IRQHandler
                0x080009ac                EXTI15_10_IRQHandler
                0x080009ac                DMA1_Channel8_IRQHandler
                0x080009ac                HRTIM1_TIMA_IRQHandler
                0x080009ac                TIM7_DAC_IRQHandler
                0x080009ac                FDCAN3_IT1_IRQHandler
                0x080009ac                TIM5_IRQHandler
                0x080009ac                UCPD1_IRQHandler
                0x080009ac                I2C3_EV_IRQHandler
                0x080009ac                EXTI9_5_IRQHandler
                0x080009ac                RTC_WKUP_IRQHandler
                0x080009ac                PVD_PVM_IRQHandler
                0x080009ac                SPI2_IRQHandler
                0x080009ac                ADC5_IRQHandler
                0x080009ac                DMA2_Channel5_IRQHandler
                0x080009ac                CRS_IRQHandler
                0x080009ac                DMA1_Channel5_IRQHandler
                0x080009ac                USB_LP_IRQHandler
                0x080009ac                EXTI4_IRQHandler
                0x080009ac                RNG_IRQHandler
                0x080009ac                HRTIM1_TIMB_IRQHandler
                0x080009ac                TIM1_TRG_COM_TIM17_IRQHandler
                0x080009ac                FDCAN2_IT1_IRQHandler
                0x080009ac                DMA1_Channel3_IRQHandler
                0x080009ac                ADC4_IRQHandler
                0x080009ac                WWDG_IRQHandler
                0x080009ac                I2C4_EV_IRQHandler
                0x080009ac                FDCAN2_IT0_IRQHandler
                0x080009ac                LPUART1_IRQHandler
                0x080009ac                DMA2_Channel6_IRQHandler
                0x080009ac                FDCAN1_IT0_IRQHandler
                0x080009ac                TIM2_IRQHandler
                0x080009ac                COMP7_IRQHandler
                0x080009ac                COMP1_2_3_IRQHandler
                0x080009ac                EXTI1_IRQHandler
                0x080009ac                USART2_IRQHandler
                0x080009ac                COMP4_5_6_IRQHandler
                0x080009ac                TIM20_BRK_IRQHandler
                0x080009ac                I2C2_ER_IRQHandler
                0x080009ac                TIM8_BRK_IRQHandler
                0x080009ac                FLASH_IRQHandler
                0x080009ac                TIM20_CC_IRQHandler
                0x080009ac                SPI3_IRQHandler
                0x080009ac                I2C1_ER_IRQHandler
                0x080009ac                FMC_IRQHandler
                0x080009ac                LPTIM1_IRQHandler
                0x080009ac                DMAMUX_OVR_IRQHandler
                0x080009ac                I2C4_ER_IRQHandler
                0x080009ac                USBWakeUp_IRQHandler
                0x080009ac                SAI1_IRQHandler
                0x080009ac                DMA2_Channel3_IRQHandler
                0x080009ac                TIM1_BRK_TIM15_IRQHandler
 *fill*         0x080009ae        0x2 
 .text.custom_init
                0x080009b0       0x14 ./Custom/appl_main.o
                0x080009b0                custom_init
 .text.timing_loop
                0x080009c4       0x2c ./Custom/appl_main.o
                0x080009c4                timing_loop
 .text.main_loop
                0x080009f0       0x4c ./Custom/appl_main.o
                0x080009f0                main_loop
 .text.crc_modbus
                0x08000a3c      0x114 ./Custom/lib_modbus.o
                0x08000a3c                crc_modbus
 .text.modbus_read
                0x08000b50       0x38 ./Custom/lib_modbus.o
                0x08000b50                modbus_read
 .text.modbus_write
                0x08000b88       0x44 ./Custom/lib_modbus.o
                0x08000b88                modbus_write
 .text.uart_ondatarecv.part.0
                0x08000bcc       0xe0 ./Custom/mgr_uart.o
 .text.HAL_UARTEx_RxEventCallback
                0x08000cac       0x14 ./Custom/mgr_uart.o
                0x08000cac                HAL_UARTEx_RxEventCallback
 .text.uart_1msloop
                0x08000cc0        0x4 ./Custom/mgr_uart.o
                0x08000cc0                uart_1msloop
 .text.uart_init
                0x08000cc4       0x2c ./Custom/mgr_uart.o
                0x08000cc4                uart_init
 .text.uart_mainloop
                0x08000cf0       0x38 ./Custom/mgr_uart.o
                0x08000cf0                uart_mainloop
 .text.HAL_InitTick
                0x08000d28       0x4c ./Drivers/STM32G4xx_HAL_Driver/Src/stm32g4xx_hal.o
                0x08000d28                HAL_InitTick
 .text.HAL_Init
                0x08000d74       0x20 ./Drivers/STM32G4xx_HAL_Driver/Src/stm32g4xx_hal.o
                0x08000d74                HAL_Init
 .text.HAL_IncTick
                0x08000d94       0x18 ./Drivers/STM32G4xx_HAL_Driver/Src/stm32g4xx_hal.o
                0x08000d94                HAL_IncTick
 .text.HAL_GetTick
                0x08000dac        0xc ./Drivers/STM32G4xx_HAL_Driver/Src/stm32g4xx_hal.o
                0x08000dac                HAL_GetTick
 .text.HAL_NVIC_SetPriorityGrouping
                0x08000db8       0x24 ./Drivers/STM32G4xx_HAL_Driver/Src/stm32g4xx_hal_cortex.o
                0x08000db8                HAL_NVIC_SetPriorityGrouping
 .text.HAL_NVIC_SetPriority
                0x08000ddc       0x78 ./Drivers/STM32G4xx_HAL_Driver/Src/stm32g4xx_hal_cortex.o
                0x08000ddc                HAL_NVIC_SetPriority
 .text.HAL_NVIC_EnableIRQ
                0x08000e54       0x1c ./Drivers/STM32G4xx_HAL_Driver/Src/stm32g4xx_hal_cortex.o
                0x08000e54                HAL_NVIC_EnableIRQ
 .text.HAL_SYSTICK_Config
                0x08000e70       0x34 ./Drivers/STM32G4xx_HAL_Driver/Src/stm32g4xx_hal_cortex.o
                0x08000e70                HAL_SYSTICK_Config
 .text.HAL_DMA_Init
                0x08000ea4      0x124 ./Drivers/STM32G4xx_HAL_Driver/Src/stm32g4xx_hal_dma.o
                0x08000ea4                HAL_DMA_Init
 .text.HAL_DMA_Start_IT
                0x08000fc8       0xb0 ./Drivers/STM32G4xx_HAL_Driver/Src/stm32g4xx_hal_dma.o
                0x08000fc8                HAL_DMA_Start_IT
 .text.HAL_DMA_Abort
                0x08001078       0x74 ./Drivers/STM32G4xx_HAL_Driver/Src/stm32g4xx_hal_dma.o
                0x08001078                HAL_DMA_Abort
 .text.HAL_DMA_Abort_IT
                0x080010ec       0x78 ./Drivers/STM32G4xx_HAL_Driver/Src/stm32g4xx_hal_dma.o
                0x080010ec                HAL_DMA_Abort_IT
 .text.HAL_DMA_IRQHandler
                0x08001164       0x9c ./Drivers/STM32G4xx_HAL_Driver/Src/stm32g4xx_hal_dma.o
                0x08001164                HAL_DMA_IRQHandler
 .text.HAL_GPIO_Init
                0x08001200      0x210 ./Drivers/STM32G4xx_HAL_Driver/Src/stm32g4xx_hal_gpio.o
                0x08001200                HAL_GPIO_Init
 .text.HAL_GPIO_WritePin
                0x08001410        0xc ./Drivers/STM32G4xx_HAL_Driver/Src/stm32g4xx_hal_gpio.o
                0x08001410                HAL_GPIO_WritePin
 .text.HAL_PWREx_ControlVoltageScaling
                0x0800141c       0xe4 ./Drivers/STM32G4xx_HAL_Driver/Src/stm32g4xx_hal_pwr_ex.o
                0x0800141c                HAL_PWREx_ControlVoltageScaling
 .text.HAL_PWREx_DisableUCPDDeadBattery
                0x08001500       0x10 ./Drivers/STM32G4xx_HAL_Driver/Src/stm32g4xx_hal_pwr_ex.o
                0x08001500                HAL_PWREx_DisableUCPDDeadBattery
 .text.HAL_RCC_OscConfig
                0x08001510      0x48c ./Drivers/STM32G4xx_HAL_Driver/Src/stm32g4xx_hal_rcc.o
                0x08001510                HAL_RCC_OscConfig
 .text.HAL_RCC_GetSysClockFreq
                0x0800199c       0x70 ./Drivers/STM32G4xx_HAL_Driver/Src/stm32g4xx_hal_rcc.o
                0x0800199c                HAL_RCC_GetSysClockFreq
 .text.HAL_RCC_ClockConfig
                0x08001a0c      0x208 ./Drivers/STM32G4xx_HAL_Driver/Src/stm32g4xx_hal_rcc.o
                0x08001a0c                HAL_RCC_ClockConfig
 .text.HAL_RCC_GetPCLK1Freq
                0x08001c14       0x24 ./Drivers/STM32G4xx_HAL_Driver/Src/stm32g4xx_hal_rcc.o
                0x08001c14                HAL_RCC_GetPCLK1Freq
 .text.HAL_RCC_GetPCLK2Freq
                0x08001c38       0x24 ./Drivers/STM32G4xx_HAL_Driver/Src/stm32g4xx_hal_rcc.o
                0x08001c38                HAL_RCC_GetPCLK2Freq
 .text.HAL_RCCEx_PeriphCLKConfig
                0x08001c5c      0x318 ./Drivers/STM32G4xx_HAL_Driver/Src/stm32g4xx_hal_rcc_ex.o
                0x08001c5c                HAL_RCCEx_PeriphCLKConfig
 .text.TIM_OC1_SetConfig
                0x08001f74       0x80 ./Drivers/STM32G4xx_HAL_Driver/Src/stm32g4xx_hal_tim.o
 .text.TIM_OC3_SetConfig
                0x08001ff4       0x88 ./Drivers/STM32G4xx_HAL_Driver/Src/stm32g4xx_hal_tim.o
 .text.TIM_OC4_SetConfig
                0x0800207c       0x8c ./Drivers/STM32G4xx_HAL_Driver/Src/stm32g4xx_hal_tim.o
 .text.HAL_TIM_Base_Start_IT
                0x08002108       0x80 ./Drivers/STM32G4xx_HAL_Driver/Src/stm32g4xx_hal_tim.o
                0x08002108                HAL_TIM_Base_Start_IT
 .text.HAL_TIM_PWM_Init
                0x08002188      0x140 ./Drivers/STM32G4xx_HAL_Driver/Src/stm32g4xx_hal_tim.o
                0x08002188                HAL_TIM_PWM_Init
 .text.HAL_TIM_PeriodElapsedCallback
                0x080022c8        0x4 ./Drivers/STM32G4xx_HAL_Driver/Src/stm32g4xx_hal_tim.o
                0x080022c8                HAL_TIM_PeriodElapsedCallback
 .text.HAL_TIM_OC_DelayElapsedCallback
                0x080022cc        0x4 ./Drivers/STM32G4xx_HAL_Driver/Src/stm32g4xx_hal_tim.o
                0x080022cc                HAL_TIM_OC_DelayElapsedCallback
 .text.HAL_TIM_IC_CaptureCallback
                0x080022d0        0x4 ./Drivers/STM32G4xx_HAL_Driver/Src/stm32g4xx_hal_tim.o
                0x080022d0                HAL_TIM_IC_CaptureCallback
 .text.HAL_TIM_PWM_PulseFinishedCallback
                0x080022d4        0x4 ./Drivers/STM32G4xx_HAL_Driver/Src/stm32g4xx_hal_tim.o
                0x080022d4                HAL_TIM_PWM_PulseFinishedCallback
 .text.HAL_TIM_TriggerCallback
                0x080022d8        0x4 ./Drivers/STM32G4xx_HAL_Driver/Src/stm32g4xx_hal_tim.o
                0x080022d8                HAL_TIM_TriggerCallback
 .text.HAL_TIM_IRQHandler
                0x080022dc      0x1c8 ./Drivers/STM32G4xx_HAL_Driver/Src/stm32g4xx_hal_tim.o
                0x080022dc                HAL_TIM_IRQHandler
 .text.TIM_OC2_SetConfig
                0x080024a4       0x8c ./Drivers/STM32G4xx_HAL_Driver/Src/stm32g4xx_hal_tim.o
                0x080024a4                TIM_OC2_SetConfig
 .text.HAL_TIM_PWM_ConfigChannel
                0x08002530      0x1dc ./Drivers/STM32G4xx_HAL_Driver/Src/stm32g4xx_hal_tim.o
                0x08002530                HAL_TIM_PWM_ConfigChannel
 .text.HAL_TIMEx_MasterConfigSynchronization
                0x0800270c       0xb4 ./Drivers/STM32G4xx_HAL_Driver/Src/stm32g4xx_hal_tim_ex.o
                0x0800270c                HAL_TIMEx_MasterConfigSynchronization
 .text.HAL_TIMEx_ConfigBreakDeadTime
                0x080027c0       0xa4 ./Drivers/STM32G4xx_HAL_Driver/Src/stm32g4xx_hal_tim_ex.o
                0x080027c0                HAL_TIMEx_ConfigBreakDeadTime
 .text.HAL_TIMEx_CommutCallback
                0x08002864        0x4 ./Drivers/STM32G4xx_HAL_Driver/Src/stm32g4xx_hal_tim_ex.o
                0x08002864                HAL_TIMEx_CommutCallback
 .text.HAL_TIMEx_BreakCallback
                0x08002868        0x4 ./Drivers/STM32G4xx_HAL_Driver/Src/stm32g4xx_hal_tim_ex.o
                0x08002868                HAL_TIMEx_BreakCallback
 .text.HAL_TIMEx_Break2Callback
                0x0800286c        0x4 ./Drivers/STM32G4xx_HAL_Driver/Src/stm32g4xx_hal_tim_ex.o
                0x0800286c                HAL_TIMEx_Break2Callback
 .text.HAL_TIMEx_EncoderIndexCallback
                0x08002870        0x4 ./Drivers/STM32G4xx_HAL_Driver/Src/stm32g4xx_hal_tim_ex.o
                0x08002870                HAL_TIMEx_EncoderIndexCallback
 .text.HAL_TIMEx_DirectionChangeCallback
                0x08002874        0x4 ./Drivers/STM32G4xx_HAL_Driver/Src/stm32g4xx_hal_tim_ex.o
                0x08002874                HAL_TIMEx_DirectionChangeCallback
 .text.HAL_TIMEx_IndexErrorCallback
                0x08002878        0x4 ./Drivers/STM32G4xx_HAL_Driver/Src/stm32g4xx_hal_tim_ex.o
                0x08002878                HAL_TIMEx_IndexErrorCallback
 .text.HAL_TIMEx_TransitionErrorCallback
                0x0800287c        0x4 ./Drivers/STM32G4xx_HAL_Driver/Src/stm32g4xx_hal_tim_ex.o
                0x0800287c                HAL_TIMEx_TransitionErrorCallback
 .text.HAL_UART_Transmit_DMA
                0x08002880       0x88 ./Drivers/STM32G4xx_HAL_Driver/Src/stm32g4xx_hal_uart.o
                0x08002880                HAL_UART_Transmit_DMA
 .text.HAL_UART_TxCpltCallback
                0x08002908        0x4 ./Drivers/STM32G4xx_HAL_Driver/Src/stm32g4xx_hal_uart.o
                0x08002908                HAL_UART_TxCpltCallback
 .text.UART_DMATransmitCplt
                0x0800290c       0x44 ./Drivers/STM32G4xx_HAL_Driver/Src/stm32g4xx_hal_uart.o
 .text.HAL_UART_TxHalfCpltCallback
                0x08002950        0x4 ./Drivers/STM32G4xx_HAL_Driver/Src/stm32g4xx_hal_uart.o
                0x08002950                HAL_UART_TxHalfCpltCallback
 .text.UART_DMATxHalfCplt
                0x08002954        0xc ./Drivers/STM32G4xx_HAL_Driver/Src/stm32g4xx_hal_uart.o
 .text.HAL_UART_RxCpltCallback
                0x08002960        0x4 ./Drivers/STM32G4xx_HAL_Driver/Src/stm32g4xx_hal_uart.o
                0x08002960                HAL_UART_RxCpltCallback
 .text.HAL_UART_RxHalfCpltCallback
                0x08002964        0x4 ./Drivers/STM32G4xx_HAL_Driver/Src/stm32g4xx_hal_uart.o
                0x08002964                HAL_UART_RxHalfCpltCallback
 .text.HAL_UART_ErrorCallback
                0x08002968        0x4 ./Drivers/STM32G4xx_HAL_Driver/Src/stm32g4xx_hal_uart.o
                0x08002968                HAL_UART_ErrorCallback
 .text.UART_DMAError
                0x0800296c       0xd4 ./Drivers/STM32G4xx_HAL_Driver/Src/stm32g4xx_hal_uart.o
 .text.UART_DMAAbortOnError
                0x08002a40       0x10 ./Drivers/STM32G4xx_HAL_Driver/Src/stm32g4xx_hal_uart.o
 .text.HAL_UART_IRQHandler
                0x08002a50      0x390 ./Drivers/STM32G4xx_HAL_Driver/Src/stm32g4xx_hal_uart.o
                0x08002a50                HAL_UART_IRQHandler
 .text.UART_DMARxHalfCplt
                0x08002de0       0x20 ./Drivers/STM32G4xx_HAL_Driver/Src/stm32g4xx_hal_uart.o
 .text.UART_DMAReceiveCplt
                0x08002e00       0x9c ./Drivers/STM32G4xx_HAL_Driver/Src/stm32g4xx_hal_uart.o
 .text.UART_SetConfig
                0x08002e9c      0x2c4 ./Drivers/STM32G4xx_HAL_Driver/Src/stm32g4xx_hal_uart.o
                0x08002e9c                UART_SetConfig
 .text.UART_AdvFeatureConfig
                0x08003160       0xb0 ./Drivers/STM32G4xx_HAL_Driver/Src/stm32g4xx_hal_uart.o
                0x08003160                UART_AdvFeatureConfig
 .text.UART_CheckIdleState
                0x08003210      0x258 ./Drivers/STM32G4xx_HAL_Driver/Src/stm32g4xx_hal_uart.o
                0x08003210                UART_CheckIdleState
 .text.HAL_UART_Init
                0x08003468       0x68 ./Drivers/STM32G4xx_HAL_Driver/Src/stm32g4xx_hal_uart.o
                0x08003468                HAL_UART_Init
 .text.UART_Start_Receive_DMA
                0x080034d0       0xa0 ./Drivers/STM32G4xx_HAL_Driver/Src/stm32g4xx_hal_uart.o
                0x080034d0                UART_Start_Receive_DMA
 .text.HAL_UARTEx_WakeupCallback
                0x08003570        0x4 ./Drivers/STM32G4xx_HAL_Driver/Src/stm32g4xx_hal_uart_ex.o
                0x08003570                HAL_UARTEx_WakeupCallback
 .text.HAL_UARTEx_RxFifoFullCallback
                0x08003574        0x4 ./Drivers/STM32G4xx_HAL_Driver/Src/stm32g4xx_hal_uart_ex.o
                0x08003574                HAL_UARTEx_RxFifoFullCallback
 .text.HAL_UARTEx_TxFifoEmptyCallback
                0x08003578        0x4 ./Drivers/STM32G4xx_HAL_Driver/Src/stm32g4xx_hal_uart_ex.o
                0x08003578                HAL_UARTEx_TxFifoEmptyCallback
 .text.HAL_UARTEx_DisableFifoMode
                0x0800357c       0x3c ./Drivers/STM32G4xx_HAL_Driver/Src/stm32g4xx_hal_uart_ex.o
                0x0800357c                HAL_UARTEx_DisableFifoMode
 .text.HAL_UARTEx_SetTxFifoThreshold
                0x080035b8       0x84 ./Drivers/STM32G4xx_HAL_Driver/Src/stm32g4xx_hal_uart_ex.o
                0x080035b8                HAL_UARTEx_SetTxFifoThreshold
 .text.HAL_UARTEx_SetRxFifoThreshold
                0x0800363c       0x84 ./Drivers/STM32G4xx_HAL_Driver/Src/stm32g4xx_hal_uart_ex.o
                0x0800363c                HAL_UARTEx_SetRxFifoThreshold
 .text.HAL_UARTEx_ReceiveToIdle_DMA
                0x080036c0       0x48 ./Drivers/STM32G4xx_HAL_Driver/Src/stm32g4xx_hal_uart_ex.o
                0x080036c0                HAL_UARTEx_ReceiveToIdle_DMA
 .text.memset   0x08003708       0x10 C:/ST/STM32CubeIDE_1.17.0/STM32CubeIDE/plugins/com.st.stm32cube.ide.mcu.externaltools.gnu-tools-for-stm32.12.3.rel1.win32_1.1.0.202410251130/tools/bin/../lib/gcc/arm-none-eabi/12.3.1/../../../../arm-none-eabi/lib/thumb/v7e-m+fp/hard\libc_nano.a(libc_a-memset.o)
                0x08003708                memset
 .text.__libc_init_array
                0x08003718       0x48 C:/ST/STM32CubeIDE_1.17.0/STM32CubeIDE/plugins/com.st.stm32cube.ide.mcu.externaltools.gnu-tools-for-stm32.12.3.rel1.win32_1.1.0.202410251130/tools/bin/../lib/gcc/arm-none-eabi/12.3.1/../../../../arm-none-eabi/lib/thumb/v7e-m+fp/hard\libc_nano.a(libc_a-init.o)
                0x08003718                __libc_init_array
 .text.memcpy   0x08003760       0x1c C:/ST/STM32CubeIDE_1.17.0/STM32CubeIDE/plugins/com.st.stm32cube.ide.mcu.externaltools.gnu-tools-for-stm32.12.3.rel1.win32_1.1.0.202410251130/tools/bin/../lib/gcc/arm-none-eabi/12.3.1/../../../../arm-none-eabi/lib/thumb/v7e-m+fp/hard\libc_nano.a(libc_a-memcpy-stub.o)
                0x08003760                memcpy
 *(.glue_7)
 .glue_7        0x0800377c        0x0 linker stubs
 *(.glue_7t)
 .glue_7t       0x0800377c        0x0 linker stubs
 *(.eh_frame)
 .eh_frame      0x0800377c        0x0 C:/ST/STM32CubeIDE_1.17.0/STM32CubeIDE/plugins/com.st.stm32cube.ide.mcu.externaltools.gnu-tools-for-stm32.12.3.rel1.win32_1.1.0.202410251130/tools/bin/../lib/gcc/arm-none-eabi/12.3.1/thumb/v7e-m+fp/hard/crtbegin.o
 *(.init)
 .init          0x0800377c        0x4 C:/ST/STM32CubeIDE_1.17.0/STM32CubeIDE/plugins/com.st.stm32cube.ide.mcu.externaltools.gnu-tools-for-stm32.12.3.rel1.win32_1.1.0.202410251130/tools/bin/../lib/gcc/arm-none-eabi/12.3.1/thumb/v7e-m+fp/hard/crti.o
                0x0800377c                _init
 .init          0x08003780        0x8 C:/ST/STM32CubeIDE_1.17.0/STM32CubeIDE/plugins/com.st.stm32cube.ide.mcu.externaltools.gnu-tools-for-stm32.12.3.rel1.win32_1.1.0.202410251130/tools/bin/../lib/gcc/arm-none-eabi/12.3.1/thumb/v7e-m+fp/hard/crtn.o
 *(.fini)
 .fini          0x08003788        0x4 C:/ST/STM32CubeIDE_1.17.0/STM32CubeIDE/plugins/com.st.stm32cube.ide.mcu.externaltools.gnu-tools-for-stm32.12.3.rel1.win32_1.1.0.202410251130/tools/bin/../lib/gcc/arm-none-eabi/12.3.1/thumb/v7e-m+fp/hard/crti.o
                0x08003788                _fini
 .fini          0x0800378c        0x8 C:/ST/STM32CubeIDE_1.17.0/STM32CubeIDE/plugins/com.st.stm32cube.ide.mcu.externaltools.gnu-tools-for-stm32.12.3.rel1.win32_1.1.0.202410251130/tools/bin/../lib/gcc/arm-none-eabi/12.3.1/thumb/v7e-m+fp/hard/crtn.o
                0x08003794                        . = ALIGN (0x4)
                0x08003794                        _etext = .

.vfp11_veneer   0x08003794        0x0
 .vfp11_veneer  0x08003794        0x0 linker stubs

.v4_bx          0x08003794        0x0
 .v4_bx         0x08003794        0x0 linker stubs

.iplt           0x08003794        0x0
 .iplt          0x08003794        0x0 C:/ST/STM32CubeIDE_1.17.0/STM32CubeIDE/plugins/com.st.stm32cube.ide.mcu.externaltools.gnu-tools-for-stm32.12.3.rel1.win32_1.1.0.202410251130/tools/bin/../lib/gcc/arm-none-eabi/12.3.1/thumb/v7e-m+fp/hard/crtbegin.o

.rodata         0x08003794       0x40
                0x08003794                        . = ALIGN (0x4)
 *(.rodata)
 *(.rodata*)
 .rodata.APBPrescTable
                0x08003794        0x8 ./Core/Src/system_stm32g4xx.o
                0x08003794                APBPrescTable
 .rodata.AHBPrescTable
                0x0800379c       0x10 ./Core/Src/system_stm32g4xx.o
                0x0800379c                AHBPrescTable
 .rodata.UARTPrescTable
                0x080037ac       0x18 ./Drivers/STM32G4xx_HAL_Driver/Src/stm32g4xx_hal_uart.o
                0x080037ac                UARTPrescTable
 .rodata.denominator.0
                0x080037c4        0x8 ./Drivers/STM32G4xx_HAL_Driver/Src/stm32g4xx_hal_uart_ex.o
 .rodata.numerator.1
                0x080037cc        0x8 ./Drivers/STM32G4xx_HAL_Driver/Src/stm32g4xx_hal_uart_ex.o
                0x080037d4                        . = ALIGN (0x4)

.ARM.extab      0x080037d4        0x0
                0x080037d4                        . = ALIGN (0x4)
 *(.ARM.extab* .gnu.linkonce.armextab.*)
                0x080037d4                        . = ALIGN (0x4)

.ARM            0x080037d4        0x8
                0x080037d4                        . = ALIGN (0x4)
                0x080037d4                        __exidx_start = .
 *(.ARM.exidx*)
 .ARM.exidx     0x080037d4        0x8 C:/ST/STM32CubeIDE_1.17.0/STM32CubeIDE/plugins/com.st.stm32cube.ide.mcu.externaltools.gnu-tools-for-stm32.12.3.rel1.win32_1.1.0.202410251130/tools/bin/../lib/gcc/arm-none-eabi/12.3.1/thumb/v7e-m+fp/hard\libgcc.a(_udivmoddi4.o)
                0x080037dc                        __exidx_end = .
                0x080037dc                        . = ALIGN (0x4)

.preinit_array  0x080037dc        0x0
                0x080037dc                        . = ALIGN (0x4)
                0x080037dc                        PROVIDE (__preinit_array_start = .)
 *(.preinit_array*)
                0x080037dc                        PROVIDE (__preinit_array_end = .)
                0x080037dc                        . = ALIGN (0x4)

.init_array     0x080037dc        0x4
                0x080037dc                        . = ALIGN (0x4)
                0x080037dc                        PROVIDE (__init_array_start = .)
 *(SORT_BY_NAME(.init_array.*))
 *(.init_array*)
 .init_array    0x080037dc        0x4 C:/ST/STM32CubeIDE_1.17.0/STM32CubeIDE/plugins/com.st.stm32cube.ide.mcu.externaltools.gnu-tools-for-stm32.12.3.rel1.win32_1.1.0.202410251130/tools/bin/../lib/gcc/arm-none-eabi/12.3.1/thumb/v7e-m+fp/hard/crtbegin.o
                0x080037e0                        PROVIDE (__init_array_end = .)
                0x080037e0                        . = ALIGN (0x4)

.fini_array     0x080037e0        0x4
                0x080037e0                        . = ALIGN (0x4)
                [!provide]                        PROVIDE (__fini_array_start = .)
 *(SORT_BY_NAME(.fini_array.*))
 *(.fini_array*)
 .fini_array    0x080037e0        0x4 C:/ST/STM32CubeIDE_1.17.0/STM32CubeIDE/plugins/com.st.stm32cube.ide.mcu.externaltools.gnu-tools-for-stm32.12.3.rel1.win32_1.1.0.202410251130/tools/bin/../lib/gcc/arm-none-eabi/12.3.1/thumb/v7e-m+fp/hard/crtbegin.o
                [!provide]                        PROVIDE (__fini_array_end = .)
                0x080037e4                        . = ALIGN (0x4)
                0x080037e4                        _sidata = LOADADDR (.data)

.rel.dyn        0x080037e4        0x0
 .rel.iplt      0x080037e4        0x0 C:/ST/STM32CubeIDE_1.17.0/STM32CubeIDE/plugins/com.st.stm32cube.ide.mcu.externaltools.gnu-tools-for-stm32.12.3.rel1.win32_1.1.0.202410251130/tools/bin/../lib/gcc/arm-none-eabi/12.3.1/thumb/v7e-m+fp/hard/crtbegin.o

.data           0x20000000        0xc load address 0x080037e4
                0x20000000                        . = ALIGN (0x4)
                0x20000000                        _sdata = .
 *(.data)
 *(.data*)
 .data.SystemCoreClock
                0x20000000        0x4 ./Core/Src/system_stm32g4xx.o
                0x20000000                SystemCoreClock
 .data.uwTickFreq
                0x20000004        0x4 ./Drivers/STM32G4xx_HAL_Driver/Src/stm32g4xx_hal.o
                0x20000004                uwTickFreq
 .data.uwTickPrio
                0x20000008        0x4 ./Drivers/STM32G4xx_HAL_Driver/Src/stm32g4xx_hal.o
                0x20000008                uwTickPrio
 *(.RamFunc)
 *(.RamFunc*)
                0x2000000c                        . = ALIGN (0x4)
                0x2000000c                        _edata = .

.igot.plt       0x2000000c        0x0 load address 0x080037f0
 .igot.plt      0x2000000c        0x0 C:/ST/STM32CubeIDE_1.17.0/STM32CubeIDE/plugins/com.st.stm32cube.ide.mcu.externaltools.gnu-tools-for-stm32.12.3.rel1.win32_1.1.0.202410251130/tools/bin/../lib/gcc/arm-none-eabi/12.3.1/thumb/v7e-m+fp/hard/crtbegin.o
                0x2000000c                        . = ALIGN (0x4)

.bss            0x20000010     0x27c4 load address 0x080037f0
                0x20000010                        _sbss = .
                0x20000010                        __bss_start__ = _sbss
 *(.bss)
 .bss           0x20000010       0x1c C:/ST/STM32CubeIDE_1.17.0/STM32CubeIDE/plugins/com.st.stm32cube.ide.mcu.externaltools.gnu-tools-for-stm32.12.3.rel1.win32_1.1.0.202410251130/tools/bin/../lib/gcc/arm-none-eabi/12.3.1/thumb/v7e-m+fp/hard/crtbegin.o
 *(.bss*)
 .bss.hdma_usart1_tx
                0x2000002c       0x60 ./Core/Src/main.o
                0x2000002c                hdma_usart1_tx
 .bss.hdma_usart1_rx
                0x2000008c       0x60 ./Core/Src/main.o
                0x2000008c                hdma_usart1_rx
 *fill*         0x200000ec        0x4 
 .bss.huart1    0x200000f0       0x94 ./Core/Src/main.o
                0x200000f0                huart1
 *fill*         0x20000184        0x4 
 .bss.htim1     0x20000188       0x4c ./Core/Src/main.o
                0x20000188                htim1
 .bss.led_en    0x200001d4        0x1 ./Custom/appl_main.o
                0x200001d4                led_en
 *fill*         0x200001d5        0x3 
 .bss.uptime_timer
                0x200001d8        0x4 ./Custom/appl_main.o
                0x200001d8                uptime_timer
 .bss.one_sec_flag
                0x200001dc        0x1 ./Custom/appl_main.o
                0x200001dc                one_sec_flag
 *fill*         0x200001dd        0x3 
 .bss.t1        0x200001e0        0x4 ./Custom/appl_main.o
                0x200001e0                t1
 .bss.crc_tab16
                0x200001e4      0x200 ./Custom/lib_modbus.o
 .bss.crc_tab16_init
                0x200003e4        0x1 ./Custom/lib_modbus.o
 .bss.rx_cplt   0x200003e5        0x1 ./Custom/mgr_uart.o
                0x200003e5                rx_cplt
 .bss.uart_rx_size
                0x200003e6        0x2 ./Custom/mgr_uart.o
                0x200003e6                uart_rx_size
 .bss.uart_tx_buffer
                0x200003e8      0x1f4 ./Custom/mgr_uart.o
                0x200003e8                uart_tx_buffer
 .bss.uart_rx_buffer
                0x200005dc      0x1f4 ./Custom/mgr_uart.o
                0x200005dc                uart_rx_buffer
 .bss.modb_db   0x200007d0     0x2000 ./Custom/mgr_uart.o
                0x200007d0                modb_db
 .bss.uwTick    0x200027d0        0x4 ./Drivers/STM32G4xx_HAL_Driver/Src/stm32g4xx_hal.o
                0x200027d0                uwTick
 *(COMMON)
                0x200027d4                        . = ALIGN (0x4)
                0x200027d4                        _ebss = .
                0x200027d4                        __bss_end__ = _ebss

._user_heap_stack
                0x200027d4      0x604 load address 0x080037f0
                0x200027d8                        . = ALIGN (0x8)
 *fill*         0x200027d4        0x4 
                [!provide]                        PROVIDE (end = .)
                0x200027d8                        PROVIDE (_end = .)
                0x200029d8                        . = (. + _Min_Heap_Size)
 *fill*         0x200027d8      0x200 
                0x20002dd8                        . = (. + _Min_Stack_Size)
 *fill*         0x200029d8      0x400 
                0x20002dd8                        . = ALIGN (0x8)

/DISCARD/
 libc.a(*)
 libm.a(*)
 libgcc.a(*)

.ARM.attributes
                0x00000000       0x30
 *(.ARM.attributes)
 .ARM.attributes
                0x00000000       0x22 C:/ST/STM32CubeIDE_1.17.0/STM32CubeIDE/plugins/com.st.stm32cube.ide.mcu.externaltools.gnu-tools-for-stm32.12.3.rel1.win32_1.1.0.202410251130/tools/bin/../lib/gcc/arm-none-eabi/12.3.1/thumb/v7e-m+fp/hard/crti.o
 .ARM.attributes
                0x00000022       0x34 C:/ST/STM32CubeIDE_1.17.0/STM32CubeIDE/plugins/com.st.stm32cube.ide.mcu.externaltools.gnu-tools-for-stm32.12.3.rel1.win32_1.1.0.202410251130/tools/bin/../lib/gcc/arm-none-eabi/12.3.1/thumb/v7e-m+fp/hard/crtbegin.o
 .ARM.attributes
                0x00000056       0x30 ./Core/Src/main.o
 .ARM.attributes
                0x00000086       0x30 ./Core/Src/stm32g4xx_hal_msp.o
 .ARM.attributes
                0x000000b6       0x30 ./Core/Src/stm32g4xx_it.o
 .ARM.attributes
                0x000000e6       0x30 ./Core/Src/system_stm32g4xx.o
 .ARM.attributes
                0x00000116       0x21 ./Core/Startup/startup_stm32g474rbtx.o
 .ARM.attributes
                0x00000137       0x30 ./Custom/appl_main.o
 .ARM.attributes
                0x00000167       0x30 ./Custom/lib_modbus.o
 .ARM.attributes
                0x00000197       0x30 ./Custom/mgr_uart.o
 .ARM.attributes
                0x000001c7       0x30 ./Drivers/STM32G4xx_HAL_Driver/Src/stm32g4xx_hal.o
 .ARM.attributes
                0x000001f7       0x30 ./Drivers/STM32G4xx_HAL_Driver/Src/stm32g4xx_hal_cortex.o
 .ARM.attributes
                0x00000227       0x30 ./Drivers/STM32G4xx_HAL_Driver/Src/stm32g4xx_hal_dma.o
 .ARM.attributes
                0x00000257       0x30 ./Drivers/STM32G4xx_HAL_Driver/Src/stm32g4xx_hal_gpio.o
 .ARM.attributes
                0x00000287       0x30 ./Drivers/STM32G4xx_HAL_Driver/Src/stm32g4xx_hal_pwr_ex.o
 .ARM.attributes
                0x000002b7       0x30 ./Drivers/STM32G4xx_HAL_Driver/Src/stm32g4xx_hal_rcc.o
 .ARM.attributes
                0x000002e7       0x30 ./Drivers/STM32G4xx_HAL_Driver/Src/stm32g4xx_hal_rcc_ex.o
 .ARM.attributes
                0x00000317       0x30 ./Drivers/STM32G4xx_HAL_Driver/Src/stm32g4xx_hal_tim.o
 .ARM.attributes
                0x00000347       0x30 ./Drivers/STM32G4xx_HAL_Driver/Src/stm32g4xx_hal_tim_ex.o
 .ARM.attributes
                0x00000377       0x30 ./Drivers/STM32G4xx_HAL_Driver/Src/stm32g4xx_hal_uart.o
 .ARM.attributes
                0x000003a7       0x30 ./Drivers/STM32G4xx_HAL_Driver/Src/stm32g4xx_hal_uart_ex.o
 .ARM.attributes
                0x000003d7       0x34 C:/ST/STM32CubeIDE_1.17.0/STM32CubeIDE/plugins/com.st.stm32cube.ide.mcu.externaltools.gnu-tools-for-stm32.12.3.rel1.win32_1.1.0.202410251130/tools/bin/../lib/gcc/arm-none-eabi/12.3.1/../../../../arm-none-eabi/lib/thumb/v7e-m+fp/hard\libc_nano.a(libc_a-memset.o)
 .ARM.attributes
                0x0000040b       0x34 C:/ST/STM32CubeIDE_1.17.0/STM32CubeIDE/plugins/com.st.stm32cube.ide.mcu.externaltools.gnu-tools-for-stm32.12.3.rel1.win32_1.1.0.202410251130/tools/bin/../lib/gcc/arm-none-eabi/12.3.1/../../../../arm-none-eabi/lib/thumb/v7e-m+fp/hard\libc_nano.a(libc_a-init.o)
 .ARM.attributes
                0x0000043f       0x34 C:/ST/STM32CubeIDE_1.17.0/STM32CubeIDE/plugins/com.st.stm32cube.ide.mcu.externaltools.gnu-tools-for-stm32.12.3.rel1.win32_1.1.0.202410251130/tools/bin/../lib/gcc/arm-none-eabi/12.3.1/../../../../arm-none-eabi/lib/thumb/v7e-m+fp/hard\libc_nano.a(libc_a-memcpy-stub.o)
 .ARM.attributes
                0x00000473       0x22 C:/ST/STM32CubeIDE_1.17.0/STM32CubeIDE/plugins/com.st.stm32cube.ide.mcu.externaltools.gnu-tools-for-stm32.12.3.rel1.win32_1.1.0.202410251130/tools/bin/../lib/gcc/arm-none-eabi/12.3.1/thumb/v7e-m+fp/hard\libgcc.a(_aeabi_uldivmod.o)
 .ARM.attributes
                0x00000495       0x34 C:/ST/STM32CubeIDE_1.17.0/STM32CubeIDE/plugins/com.st.stm32cube.ide.mcu.externaltools.gnu-tools-for-stm32.12.3.rel1.win32_1.1.0.202410251130/tools/bin/../lib/gcc/arm-none-eabi/12.3.1/thumb/v7e-m+fp/hard\libgcc.a(_udivmoddi4.o)
 .ARM.attributes
                0x000004c9       0x22 C:/ST/STM32CubeIDE_1.17.0/STM32CubeIDE/plugins/com.st.stm32cube.ide.mcu.externaltools.gnu-tools-for-stm32.12.3.rel1.win32_1.1.0.202410251130/tools/bin/../lib/gcc/arm-none-eabi/12.3.1/thumb/v7e-m+fp/hard\libgcc.a(_dvmd_tls.o)
 .ARM.attributes
                0x000004eb       0x22 C:/ST/STM32CubeIDE_1.17.0/STM32CubeIDE/plugins/com.st.stm32cube.ide.mcu.externaltools.gnu-tools-for-stm32.12.3.rel1.win32_1.1.0.202410251130/tools/bin/../lib/gcc/arm-none-eabi/12.3.1/thumb/v7e-m+fp/hard/crtn.o
OUTPUT(g4-template.elf elf32-littlearm)
LOAD linker stubs
LOAD C:/ST/STM32CubeIDE_1.17.0/STM32CubeIDE/plugins/com.st.stm32cube.ide.mcu.externaltools.gnu-tools-for-stm32.12.3.rel1.win32_1.1.0.202410251130/tools/bin/../lib/gcc/arm-none-eabi/12.3.1/../../../../arm-none-eabi/lib/thumb/v7e-m+fp/hard\libc.a
LOAD C:/ST/STM32CubeIDE_1.17.0/STM32CubeIDE/plugins/com.st.stm32cube.ide.mcu.externaltools.gnu-tools-for-stm32.12.3.rel1.win32_1.1.0.202410251130/tools/bin/../lib/gcc/arm-none-eabi/12.3.1/../../../../arm-none-eabi/lib/thumb/v7e-m+fp/hard\libm.a
LOAD C:/ST/STM32CubeIDE_1.17.0/STM32CubeIDE/plugins/com.st.stm32cube.ide.mcu.externaltools.gnu-tools-for-stm32.12.3.rel1.win32_1.1.0.202410251130/tools/bin/../lib/gcc/arm-none-eabi/12.3.1/thumb/v7e-m+fp/hard\libgcc.a

.debug_info     0x00000000    0x1b647
 .debug_info    0x00000000     0x1c69 ./Core/Src/main.o
 .debug_info    0x00001c69     0x1654 ./Core/Src/stm32g4xx_hal_msp.o
 .debug_info    0x000032bd      0xcf6 ./Core/Src/stm32g4xx_it.o
 .debug_info    0x00003fb3      0x5a7 ./Core/Src/system_stm32g4xx.o
 .debug_info    0x0000455a       0x30 ./Core/Startup/startup_stm32g474rbtx.o
 .debug_info    0x0000458a      0xa66 ./Custom/appl_main.o
 .debug_info    0x00004ff0      0x3a0 ./Custom/lib_modbus.o
 .debug_info    0x00005390      0xc65 ./Custom/mgr_uart.o
 .debug_info    0x00005ff5      0xc9b ./Drivers/STM32G4xx_HAL_Driver/Src/stm32g4xx_hal.o
 .debug_info    0x00006c90     0x1090 ./Drivers/STM32G4xx_HAL_Driver/Src/stm32g4xx_hal_cortex.o
 .debug_info    0x00007d20      0xa4e ./Drivers/STM32G4xx_HAL_Driver/Src/stm32g4xx_hal_dma.o
 .debug_info    0x0000876e      0x799 ./Drivers/STM32G4xx_HAL_Driver/Src/stm32g4xx_hal_gpio.o
 .debug_info    0x00008f07      0x993 ./Drivers/STM32G4xx_HAL_Driver/Src/stm32g4xx_hal_pwr_ex.o
 .debug_info    0x0000989a      0xed9 ./Drivers/STM32G4xx_HAL_Driver/Src/stm32g4xx_hal_rcc.o
 .debug_info    0x0000a773      0xd76 ./Drivers/STM32G4xx_HAL_Driver/Src/stm32g4xx_hal_rcc_ex.o
 .debug_info    0x0000b4e9     0x4faa ./Drivers/STM32G4xx_HAL_Driver/Src/stm32g4xx_hal_tim.o
 .debug_info    0x00010493     0x2593 ./Drivers/STM32G4xx_HAL_Driver/Src/stm32g4xx_hal_tim_ex.o
 .debug_info    0x00012a26     0x784f ./Drivers/STM32G4xx_HAL_Driver/Src/stm32g4xx_hal_uart.o
 .debug_info    0x0001a275     0x13d2 ./Drivers/STM32G4xx_HAL_Driver/Src/stm32g4xx_hal_uart_ex.o

.debug_abbrev   0x00000000     0x33a4
 .debug_abbrev  0x00000000      0x38e ./Core/Src/main.o
 .debug_abbrev  0x0000038e      0x277 ./Core/Src/stm32g4xx_hal_msp.o
 .debug_abbrev  0x00000605      0x22a ./Core/Src/stm32g4xx_it.o
 .debug_abbrev  0x0000082f      0x120 ./Core/Src/system_stm32g4xx.o
 .debug_abbrev  0x0000094f       0x24 ./Core/Startup/startup_stm32g474rbtx.o
 .debug_abbrev  0x00000973      0x256 ./Custom/appl_main.o
 .debug_abbrev  0x00000bc9      0x196 ./Custom/lib_modbus.o
 .debug_abbrev  0x00000d5f      0x2d5 ./Custom/mgr_uart.o
 .debug_abbrev  0x00001034      0x2dd ./Drivers/STM32G4xx_HAL_Driver/Src/stm32g4xx_hal.o
 .debug_abbrev  0x00001311      0x387 ./Drivers/STM32G4xx_HAL_Driver/Src/stm32g4xx_hal_cortex.o
 .debug_abbrev  0x00001698      0x2af ./Drivers/STM32G4xx_HAL_Driver/Src/stm32g4xx_hal_dma.o
 .debug_abbrev  0x00001947      0x1fb ./Drivers/STM32G4xx_HAL_Driver/Src/stm32g4xx_hal_gpio.o
 .debug_abbrev  0x00001b42      0x281 ./Drivers/STM32G4xx_HAL_Driver/Src/stm32g4xx_hal_pwr_ex.o
 .debug_abbrev  0x00001dc3      0x352 ./Drivers/STM32G4xx_HAL_Driver/Src/stm32g4xx_hal_rcc.o
 .debug_abbrev  0x00002115      0x2ce ./Drivers/STM32G4xx_HAL_Driver/Src/stm32g4xx_hal_rcc_ex.o
 .debug_abbrev  0x000023e3      0x3d9 ./Drivers/STM32G4xx_HAL_Driver/Src/stm32g4xx_hal_tim.o
 .debug_abbrev  0x000027bc      0x3d0 ./Drivers/STM32G4xx_HAL_Driver/Src/stm32g4xx_hal_tim_ex.o
 .debug_abbrev  0x00002b8c      0x4b8 ./Drivers/STM32G4xx_HAL_Driver/Src/stm32g4xx_hal_uart.o
 .debug_abbrev  0x00003044      0x360 ./Drivers/STM32G4xx_HAL_Driver/Src/stm32g4xx_hal_uart_ex.o

.debug_aranges  0x00000000      0xfe8
 .debug_aranges
                0x00000000       0x30 ./Core/Src/main.o
 .debug_aranges
                0x00000030       0x40 ./Core/Src/stm32g4xx_hal_msp.o
 .debug_aranges
                0x00000070       0x80 ./Core/Src/stm32g4xx_it.o
 .debug_aranges
                0x000000f0       0x28 ./Core/Src/system_stm32g4xx.o
 .debug_aranges
                0x00000118       0x28 ./Core/Startup/startup_stm32g474rbtx.o
 .debug_aranges
                0x00000140       0x38 ./Custom/appl_main.o
 .debug_aranges
                0x00000178       0x30 ./Custom/lib_modbus.o
 .debug_aranges
                0x000001a8       0x50 ./Custom/mgr_uart.o
 .debug_aranges
                0x000001f8      0x148 ./Drivers/STM32G4xx_HAL_Driver/Src/stm32g4xx_hal.o
 .debug_aranges
                0x00000340       0xb8 ./Drivers/STM32G4xx_HAL_Driver/Src/stm32g4xx_hal_cortex.o
 .debug_aranges
                0x000003f8       0x78 ./Drivers/STM32G4xx_HAL_Driver/Src/stm32g4xx_hal_dma.o
 .debug_aranges
                0x00000470       0x58 ./Drivers/STM32G4xx_HAL_Driver/Src/stm32g4xx_hal_gpio.o
 .debug_aranges
                0x000004c8      0x140 ./Drivers/STM32G4xx_HAL_Driver/Src/stm32g4xx_hal_pwr_ex.o
 .debug_aranges
                0x00000608       0x90 ./Drivers/STM32G4xx_HAL_Driver/Src/stm32g4xx_hal_rcc.o
 .debug_aranges
                0x00000698       0xb0 ./Drivers/STM32G4xx_HAL_Driver/Src/stm32g4xx_hal_rcc_ex.o
 .debug_aranges
                0x00000748      0x398 ./Drivers/STM32G4xx_HAL_Driver/Src/stm32g4xx_hal_tim.o
 .debug_aranges
                0x00000ae0      0x238 ./Drivers/STM32G4xx_HAL_Driver/Src/stm32g4xx_hal_tim_ex.o
 .debug_aranges
                0x00000d18      0x238 ./Drivers/STM32G4xx_HAL_Driver/Src/stm32g4xx_hal_uart.o
 .debug_aranges
                0x00000f50       0x98 ./Drivers/STM32G4xx_HAL_Driver/Src/stm32g4xx_hal_uart_ex.o

.debug_rnglists
                0x00000000     0x15dc
 .debug_rnglists
                0x00000000       0x75 ./Core/Src/main.o
 .debug_rnglists
                0x00000075       0x65 ./Core/Src/stm32g4xx_hal_msp.o
 .debug_rnglists
                0x000000da       0x5b ./Core/Src/stm32g4xx_it.o
 .debug_rnglists
                0x00000135       0x1a ./Core/Src/system_stm32g4xx.o
 .debug_rnglists
                0x0000014f       0x19 ./Core/Startup/startup_stm32g474rbtx.o
 .debug_rnglists
                0x00000168       0x25 ./Custom/appl_main.o
 .debug_rnglists
                0x0000018d       0x20 ./Custom/lib_modbus.o
 .debug_rnglists
                0x000001ad       0x4a ./Custom/mgr_uart.o
 .debug_rnglists
                0x000001f7       0xf1 ./Drivers/STM32G4xx_HAL_Driver/Src/stm32g4xx_hal.o
 .debug_rnglists
                0x000002e8       0xfa ./Drivers/STM32G4xx_HAL_Driver/Src/stm32g4xx_hal_cortex.o
 .debug_rnglists
                0x000003e2       0xb0 ./Drivers/STM32G4xx_HAL_Driver/Src/stm32g4xx_hal_dma.o
 .debug_rnglists
                0x00000492       0x3f ./Drivers/STM32G4xx_HAL_Driver/Src/stm32g4xx_hal_gpio.o
 .debug_rnglists
                0x000004d1       0xf0 ./Drivers/STM32G4xx_HAL_Driver/Src/stm32g4xx_hal_pwr_ex.o
 .debug_rnglists
                0x000005c1       0xab ./Drivers/STM32G4xx_HAL_Driver/Src/stm32g4xx_hal_rcc.o
 .debug_rnglists
                0x0000066c       0xbc ./Drivers/STM32G4xx_HAL_Driver/Src/stm32g4xx_hal_rcc_ex.o
 .debug_rnglists
                0x00000728      0x57f ./Drivers/STM32G4xx_HAL_Driver/Src/stm32g4xx_hal_tim.o
 .debug_rnglists
                0x00000ca7      0x232 ./Drivers/STM32G4xx_HAL_Driver/Src/stm32g4xx_hal_tim_ex.o
 .debug_rnglists
                0x00000ed9      0x65b ./Drivers/STM32G4xx_HAL_Driver/Src/stm32g4xx_hal_uart.o
 .debug_rnglists
                0x00001534       0xa8 ./Drivers/STM32G4xx_HAL_Driver/Src/stm32g4xx_hal_uart_ex.o

.debug_macro    0x00000000    0x26ffc
 .debug_macro   0x00000000      0x2fc ./Core/Src/main.o
 .debug_macro   0x000002fc      0xad8 ./Core/Src/main.o
 .debug_macro   0x00000dd4      0x15b ./Core/Src/main.o
 .debug_macro   0x00000f2f       0x2e ./Core/Src/main.o
 .debug_macro   0x00000f5d       0x28 ./Core/Src/main.o
 .debug_macro   0x00000f85       0x22 ./Core/Src/main.o
 .debug_macro   0x00000fa7       0x8e ./Core/Src/main.o
 .debug_macro   0x00001035       0x51 ./Core/Src/main.o
 .debug_macro   0x00001086      0x103 ./Core/Src/main.o
 .debug_macro   0x00001189       0x6a ./Core/Src/main.o
 .debug_macro   0x000011f3      0x1df ./Core/Src/main.o
 .debug_macro   0x000013d2       0x1c ./Core/Src/main.o
 .debug_macro   0x000013ee       0x22 ./Core/Src/main.o
 .debug_macro   0x00001410       0xfb ./Core/Src/main.o
 .debug_macro   0x0000150b     0x1011 ./Core/Src/main.o
 .debug_macro   0x0000251c      0x11f ./Core/Src/main.o
 .debug_macro   0x0000263b    0x18b8c ./Core/Src/main.o
 .debug_macro   0x0001b1c7       0x6d ./Core/Src/main.o
 .debug_macro   0x0001b234     0x3558 ./Core/Src/main.o
 .debug_macro   0x0001e78c      0x189 ./Core/Src/main.o
 .debug_macro   0x0001e915       0x5c ./Core/Src/main.o
 .debug_macro   0x0001e971     0x171f ./Core/Src/main.o
 .debug_macro   0x00020090      0x600 ./Core/Src/main.o
 .debug_macro   0x00020690      0x1b6 ./Core/Src/main.o
 .debug_macro   0x00020846      0x34a ./Core/Src/main.o
 .debug_macro   0x00020b90      0x53c ./Core/Src/main.o
 .debug_macro   0x000210cc      0x18b ./Core/Src/main.o
 .debug_macro   0x00021257       0x43 ./Core/Src/main.o
 .debug_macro   0x0002129a      0x23d ./Core/Src/main.o
 .debug_macro   0x000214d7      0x211 ./Core/Src/main.o
 .debug_macro   0x000216e8      0x45c ./Core/Src/main.o
 .debug_macro   0x00021b44      0x11c ./Core/Src/main.o
 .debug_macro   0x00021c60      0x122 ./Core/Src/main.o
 .debug_macro   0x00021d82      0x3d1 ./Core/Src/main.o
 .debug_macro   0x00022153      0xc0b ./Core/Src/main.o
 .debug_macro   0x00022d5e      0x718 ./Core/Src/main.o
 .debug_macro   0x00023476      0x693 ./Core/Src/main.o
 .debug_macro   0x00023b09       0xa6 ./Core/Src/main.o
 .debug_macro   0x00023baf      0x358 ./Core/Src/main.o
 .debug_macro   0x00023f07       0x61 ./Core/Src/main.o
 .debug_macro   0x00023f68       0x2a ./Core/Src/main.o
 .debug_macro   0x00023f92       0x43 ./Core/Src/main.o
 .debug_macro   0x00023fd5       0x34 ./Core/Src/main.o
 .debug_macro   0x00024009       0x16 ./Core/Src/main.o
 .debug_macro   0x0002401f       0x35 ./Core/Src/main.o
 .debug_macro   0x00024054      0x369 ./Core/Src/main.o
 .debug_macro   0x000243bd       0x10 ./Core/Src/main.o
 .debug_macro   0x000243cd       0x16 ./Core/Src/main.o
 .debug_macro   0x000243e3       0x43 ./Core/Src/main.o
 .debug_macro   0x00024426       0x34 ./Core/Src/main.o
 .debug_macro   0x0002445a       0x10 ./Core/Src/main.o
 .debug_macro   0x0002446a       0x58 ./Core/Src/main.o
 .debug_macro   0x000244c2       0x8e ./Core/Src/main.o
 .debug_macro   0x00024550       0x1c ./Core/Src/main.o
 .debug_macro   0x0002456c      0x177 ./Core/Src/main.o
 .debug_macro   0x000246e3       0x16 ./Core/Src/main.o
 .debug_macro   0x000246f9       0x16 ./Core/Src/main.o
 .debug_macro   0x0002470f      0x146 ./Core/Src/main.o
 .debug_macro   0x00024855       0x16 ./Core/Src/main.o
 .debug_macro   0x0002486b       0x20 ./Core/Src/main.o
 .debug_macro   0x0002488b       0x22 ./Core/Src/main.o
 .debug_macro   0x000248ad       0x10 ./Core/Src/main.o
 .debug_macro   0x000248bd      0x2fc ./Core/Src/stm32g4xx_hal_msp.o
 .debug_macro   0x00024bb9      0x306 ./Core/Src/stm32g4xx_it.o
 .debug_macro   0x00024ebf      0x1ce ./Core/Src/system_stm32g4xx.o
 .debug_macro   0x0002508d      0x314 ./Custom/appl_main.o
 .debug_macro   0x000253a1       0x94 ./Custom/appl_main.o
 .debug_macro   0x00025435       0x10 ./Custom/appl_main.o
 .debug_macro   0x00025445      0x30b ./Custom/lib_modbus.o
 .debug_macro   0x00025750       0x8e ./Custom/lib_modbus.o
 .debug_macro   0x000257de      0x314 ./Custom/mgr_uart.o
 .debug_macro   0x00025af2      0x21c ./Drivers/STM32G4xx_HAL_Driver/Src/stm32g4xx_hal.o
 .debug_macro   0x00025d0e      0x1ce ./Drivers/STM32G4xx_HAL_Driver/Src/stm32g4xx_hal_cortex.o
 .debug_macro   0x00025edc      0x1ce ./Drivers/STM32G4xx_HAL_Driver/Src/stm32g4xx_hal_dma.o
 .debug_macro   0x000260aa      0x1d5 ./Drivers/STM32G4xx_HAL_Driver/Src/stm32g4xx_hal_gpio.o
 .debug_macro   0x0002627f      0x1f8 ./Drivers/STM32G4xx_HAL_Driver/Src/stm32g4xx_hal_pwr_ex.o
 .debug_macro   0x00026477      0x210 ./Drivers/STM32G4xx_HAL_Driver/Src/stm32g4xx_hal_rcc.o
 .debug_macro   0x00026687      0x1f8 ./Drivers/STM32G4xx_HAL_Driver/Src/stm32g4xx_hal_rcc_ex.o
 .debug_macro   0x0002687f      0x1d6 ./Drivers/STM32G4xx_HAL_Driver/Src/stm32g4xx_hal_tim.o
 .debug_macro   0x00026a55      0x1d4 ./Drivers/STM32G4xx_HAL_Driver/Src/stm32g4xx_hal_tim_ex.o
 .debug_macro   0x00026c29      0x1f9 ./Drivers/STM32G4xx_HAL_Driver/Src/stm32g4xx_hal_uart.o
 .debug_macro   0x00026e22      0x1da ./Drivers/STM32G4xx_HAL_Driver/Src/stm32g4xx_hal_uart_ex.o

.debug_line     0x00000000    0x1d58f
 .debug_line    0x00000000      0xdb4 ./Core/Src/main.o
 .debug_line    0x00000db4      0xacb ./Core/Src/stm32g4xx_hal_msp.o
 .debug_line    0x0000187f      0xa6c ./Core/Src/stm32g4xx_it.o
 .debug_line    0x000022eb      0x80e ./Core/Src/system_stm32g4xx.o
 .debug_line    0x00002af9       0x7b ./Core/Startup/startup_stm32g474rbtx.o
 .debug_line    0x00002b74      0xa08 ./Custom/appl_main.o
 .debug_line    0x0000357c      0xbc9 ./Custom/lib_modbus.o
 .debug_line    0x00004145      0xafc ./Custom/mgr_uart.o
 .debug_line    0x00004c41      0xc85 ./Drivers/STM32G4xx_HAL_Driver/Src/stm32g4xx_hal.o
 .debug_line    0x000058c6      0xdb2 ./Drivers/STM32G4xx_HAL_Driver/Src/stm32g4xx_hal_cortex.o
 .debug_line    0x00006678     0x1388 ./Drivers/STM32G4xx_HAL_Driver/Src/stm32g4xx_hal_dma.o
 .debug_line    0x00007a00      0xd32 ./Drivers/STM32G4xx_HAL_Driver/Src/stm32g4xx_hal_gpio.o
 .debug_line    0x00008732      0xec6 ./Drivers/STM32G4xx_HAL_Driver/Src/stm32g4xx_hal_pwr_ex.o
 .debug_line    0x000095f8     0x13fa ./Drivers/STM32G4xx_HAL_Driver/Src/stm32g4xx_hal_rcc.o
 .debug_line    0x0000a9f2     0x168b ./Drivers/STM32G4xx_HAL_Driver/Src/stm32g4xx_hal_rcc_ex.o
 .debug_line    0x0000c07d     0x6a16 ./Drivers/STM32G4xx_HAL_Driver/Src/stm32g4xx_hal_tim.o
 .debug_line    0x00012a93     0x28d1 ./Drivers/STM32G4xx_HAL_Driver/Src/stm32g4xx_hal_tim_ex.o
 .debug_line    0x00015364     0x6df5 ./Drivers/STM32G4xx_HAL_Driver/Src/stm32g4xx_hal_uart.o
 .debug_line    0x0001c159     0x1436 ./Drivers/STM32G4xx_HAL_Driver/Src/stm32g4xx_hal_uart_ex.o

.debug_str      0x00000000    0xfbc20
 .debug_str     0x00000000    0xf74e6 ./Core/Src/main.o
                              0xf78a8 (size before relaxing)
 .debug_str     0x000f74e6      0x2c9 ./Core/Src/stm32g4xx_hal_msp.o
                              0xf76bc (size before relaxing)
 .debug_str     0x000f77af      0x16c ./Core/Src/stm32g4xx_it.o
                              0xf6cef (size before relaxing)
 .debug_str     0x000f791b       0xdb ./Core/Src/system_stm32g4xx.o
                              0xf2cf8 (size before relaxing)
 .debug_str     0x000f79f6       0x44 ./Core/Startup/startup_stm32g474rbtx.o
                                 0x6a (size before relaxing)
 .debug_str     0x000f7a3a      0x2d0 ./Custom/appl_main.o
                              0xf6c8b (size before relaxing)
 .debug_str     0x000f7d0a       0x95 ./Custom/lib_modbus.o
                              0xf659f (size before relaxing)
 .debug_str     0x000f7d9f      0x102 ./Custom/mgr_uart.o
                              0xf6c4d (size before relaxing)
 .debug_str     0x000f7ea1      0x5ed ./Drivers/STM32G4xx_HAL_Driver/Src/stm32g4xx_hal.o
                              0xf3a0a (size before relaxing)
 .debug_str     0x000f848e      0x355 ./Drivers/STM32G4xx_HAL_Driver/Src/stm32g4xx_hal_cortex.o
                              0xf36c6 (size before relaxing)
 .debug_str     0x000f87e3      0x29f ./Drivers/STM32G4xx_HAL_Driver/Src/stm32g4xx_hal_dma.o
                              0xf30d2 (size before relaxing)
 .debug_str     0x000f8a82      0x123 ./Drivers/STM32G4xx_HAL_Driver/Src/stm32g4xx_hal_gpio.o
                              0xf2e83 (size before relaxing)
 .debug_str     0x000f8ba5      0x4a5 ./Drivers/STM32G4xx_HAL_Driver/Src/stm32g4xx_hal_pwr_ex.o
                              0xf31e6 (size before relaxing)
 .debug_str     0x000f904a      0x506 ./Drivers/STM32G4xx_HAL_Driver/Src/stm32g4xx_hal_rcc.o
                              0xf3417 (size before relaxing)
 .debug_str     0x000f9550      0x40b ./Drivers/STM32G4xx_HAL_Driver/Src/stm32g4xx_hal_rcc_ex.o
                              0xf3441 (size before relaxing)
 .debug_str     0x000f995b      0xee9 ./Drivers/STM32G4xx_HAL_Driver/Src/stm32g4xx_hal_tim.o
                              0xf41f6 (size before relaxing)
 .debug_str     0x000fa844      0x81d ./Drivers/STM32G4xx_HAL_Driver/Src/stm32g4xx_hal_tim_ex.o
                              0xf3e6a (size before relaxing)
 .debug_str     0x000fb061      0x978 ./Drivers/STM32G4xx_HAL_Driver/Src/stm32g4xx_hal_uart.o
                              0xf3cc4 (size before relaxing)
 .debug_str     0x000fb9d9      0x247 ./Drivers/STM32G4xx_HAL_Driver/Src/stm32g4xx_hal_uart_ex.o
                              0xf34b1 (size before relaxing)

.comment        0x00000000       0x43
 .comment       0x00000000       0x43 ./Core/Src/main.o
                                 0x44 (size before relaxing)
 .comment       0x00000043       0x44 ./Core/Src/stm32g4xx_hal_msp.o
 .comment       0x00000043       0x44 ./Core/Src/stm32g4xx_it.o
 .comment       0x00000043       0x44 ./Core/Src/system_stm32g4xx.o
 .comment       0x00000043       0x44 ./Custom/appl_main.o
 .comment       0x00000043       0x44 ./Custom/lib_modbus.o
 .comment       0x00000043       0x44 ./Custom/mgr_uart.o
 .comment       0x00000043       0x44 ./Drivers/STM32G4xx_HAL_Driver/Src/stm32g4xx_hal.o
 .comment       0x00000043       0x44 ./Drivers/STM32G4xx_HAL_Driver/Src/stm32g4xx_hal_cortex.o
 .comment       0x00000043       0x44 ./Drivers/STM32G4xx_HAL_Driver/Src/stm32g4xx_hal_dma.o
 .comment       0x00000043       0x44 ./Drivers/STM32G4xx_HAL_Driver/Src/stm32g4xx_hal_gpio.o
 .comment       0x00000043       0x44 ./Drivers/STM32G4xx_HAL_Driver/Src/stm32g4xx_hal_pwr_ex.o
 .comment       0x00000043       0x44 ./Drivers/STM32G4xx_HAL_Driver/Src/stm32g4xx_hal_rcc.o
 .comment       0x00000043       0x44 ./Drivers/STM32G4xx_HAL_Driver/Src/stm32g4xx_hal_rcc_ex.o
 .comment       0x00000043       0x44 ./Drivers/STM32G4xx_HAL_Driver/Src/stm32g4xx_hal_tim.o
 .comment       0x00000043       0x44 ./Drivers/STM32G4xx_HAL_Driver/Src/stm32g4xx_hal_tim_ex.o
 .comment       0x00000043       0x44 ./Drivers/STM32G4xx_HAL_Driver/Src/stm32g4xx_hal_uart.o
 .comment       0x00000043       0x44 ./Drivers/STM32G4xx_HAL_Driver/Src/stm32g4xx_hal_uart_ex.o

.debug_frame    0x00000000     0x2ae0
 .debug_frame   0x00000000       0x5c ./Core/Src/main.o
 .debug_frame   0x0000005c       0xa0 ./Core/Src/stm32g4xx_hal_msp.o
 .debug_frame   0x000000fc       0xec ./Core/Src/stm32g4xx_it.o
 .debug_frame   0x000001e8       0x30 ./Core/Src/system_stm32g4xx.o
 .debug_frame   0x00000218       0x70 ./Custom/appl_main.o
 .debug_frame   0x00000288       0x70 ./Custom/lib_modbus.o
 .debug_frame   0x000002f8       0xc4 ./Custom/mgr_uart.o
 .debug_frame   0x000003bc      0x2b0 ./Drivers/STM32G4xx_HAL_Driver/Src/stm32g4xx_hal.o
 .debug_frame   0x0000066c      0x178 ./Drivers/STM32G4xx_HAL_Driver/Src/stm32g4xx_hal_cortex.o
 .debug_frame   0x000007e4      0x190 ./Drivers/STM32G4xx_HAL_Driver/Src/stm32g4xx_hal_dma.o
 .debug_frame   0x00000974       0xe4 ./Drivers/STM32G4xx_HAL_Driver/Src/stm32g4xx_hal_gpio.o
 .debug_frame   0x00000a58      0x268 ./Drivers/STM32G4xx_HAL_Driver/Src/stm32g4xx_hal_pwr_ex.o
 .debug_frame   0x00000cc0      0x1a4 ./Drivers/STM32G4xx_HAL_Driver/Src/stm32g4xx_hal_rcc.o
 .debug_frame   0x00000e64      0x1c4 ./Drivers/STM32G4xx_HAL_Driver/Src/stm32g4xx_hal_rcc_ex.o
 .debug_frame   0x00001028      0xb20 ./Drivers/STM32G4xx_HAL_Driver/Src/stm32g4xx_hal_tim.o
 .debug_frame   0x00001b48      0x640 ./Drivers/STM32G4xx_HAL_Driver/Src/stm32g4xx_hal_tim_ex.o
 .debug_frame   0x00002188      0x6c8 ./Drivers/STM32G4xx_HAL_Driver/Src/stm32g4xx_hal_uart.o
 .debug_frame   0x00002850      0x1bc ./Drivers/STM32G4xx_HAL_Driver/Src/stm32g4xx_hal_uart_ex.o
 .debug_frame   0x00002a0c       0x20 C:/ST/STM32CubeIDE_1.17.0/STM32CubeIDE/plugins/com.st.stm32cube.ide.mcu.externaltools.gnu-tools-for-stm32.12.3.rel1.win32_1.1.0.202410251130/tools/bin/../lib/gcc/arm-none-eabi/12.3.1/../../../../arm-none-eabi/lib/thumb/v7e-m+fp/hard\libc_nano.a(libc_a-memset.o)
 .debug_frame   0x00002a2c       0x2c C:/ST/STM32CubeIDE_1.17.0/STM32CubeIDE/plugins/com.st.stm32cube.ide.mcu.externaltools.gnu-tools-for-stm32.12.3.rel1.win32_1.1.0.202410251130/tools/bin/../lib/gcc/arm-none-eabi/12.3.1/../../../../arm-none-eabi/lib/thumb/v7e-m+fp/hard\libc_nano.a(libc_a-init.o)
 .debug_frame   0x00002a58       0x28 C:/ST/STM32CubeIDE_1.17.0/STM32CubeIDE/plugins/com.st.stm32cube.ide.mcu.externaltools.gnu-tools-for-stm32.12.3.rel1.win32_1.1.0.202410251130/tools/bin/../lib/gcc/arm-none-eabi/12.3.1/../../../../arm-none-eabi/lib/thumb/v7e-m+fp/hard\libc_nano.a(libc_a-memcpy-stub.o)
 .debug_frame   0x00002a80       0x2c C:/ST/STM32CubeIDE_1.17.0/STM32CubeIDE/plugins/com.st.stm32cube.ide.mcu.externaltools.gnu-tools-for-stm32.12.3.rel1.win32_1.1.0.202410251130/tools/bin/../lib/gcc/arm-none-eabi/12.3.1/thumb/v7e-m+fp/hard\libgcc.a(_aeabi_uldivmod.o)
 .debug_frame   0x00002aac       0x34 C:/ST/STM32CubeIDE_1.17.0/STM32CubeIDE/plugins/com.st.stm32cube.ide.mcu.externaltools.gnu-tools-for-stm32.12.3.rel1.win32_1.1.0.202410251130/tools/bin/../lib/gcc/arm-none-eabi/12.3.1/thumb/v7e-m+fp/hard\libgcc.a(_udivmoddi4.o)

.debug_loclists
                0x00000000     0xd87c
 .debug_loclists
                0x00000000       0x6d ./Core/Src/stm32g4xx_hal_msp.o
 .debug_loclists
                0x0000006d       0x7e ./Core/Src/system_stm32g4xx.o
 .debug_loclists
                0x000000eb      0x355 ./Custom/lib_modbus.o
 .debug_loclists
                0x00000440       0xb3 ./Custom/mgr_uart.o
 .debug_loclists
                0x000004f3      0x15b ./Drivers/STM32G4xx_HAL_Driver/Src/stm32g4xx_hal.o
 .debug_loclists
                0x0000064e      0x4cb ./Drivers/STM32G4xx_HAL_Driver/Src/stm32g4xx_hal_cortex.o
 .debug_loclists
                0x00000b19      0x5cc ./Drivers/STM32G4xx_HAL_Driver/Src/stm32g4xx_hal_dma.o
 .debug_loclists
                0x000010e5      0x2a1 ./Drivers/STM32G4xx_HAL_Driver/Src/stm32g4xx_hal_gpio.o
 .debug_loclists
                0x00001386      0x38f ./Drivers/STM32G4xx_HAL_Driver/Src/stm32g4xx_hal_pwr_ex.o
 .debug_loclists
                0x00001715      0x5a1 ./Drivers/STM32G4xx_HAL_Driver/Src/stm32g4xx_hal_rcc.o
 .debug_loclists
                0x00001cb6      0x7cc ./Drivers/STM32G4xx_HAL_Driver/Src/stm32g4xx_hal_rcc_ex.o
 .debug_loclists
                0x00002482     0x4af1 ./Drivers/STM32G4xx_HAL_Driver/Src/stm32g4xx_hal_tim.o
 .debug_loclists
                0x00006f73     0x17d5 ./Drivers/STM32G4xx_HAL_Driver/Src/stm32g4xx_hal_tim_ex.o
 .debug_loclists
                0x00008748     0x4889 ./Drivers/STM32G4xx_HAL_Driver/Src/stm32g4xx_hal_uart.o
 .debug_loclists
                0x0000cfd1      0x8ab ./Drivers/STM32G4xx_HAL_Driver/Src/stm32g4xx_hal_uart_ex.o

.debug_line_str
                0x00000000       0x4e
 .debug_line_str
                0x00000000       0x4e ./Core/Startup/startup_stm32g474rbtx.o
